ring centre=<Vector (0.1309, -0.0934, 26.7742)>
  ray0: from=4.51,-14.46 → NONE
  ray1: from=4.96,-13.52 → NONE
  ray2: from=-4.23,-13.48 → NONE
ring centre=<Vector (0.1309, -0.0934, 26.7742)>
  ray0: from=4.51,-14.46 → NONE
  ray1: from=4.96,-13.52 → NONE
  ray2: from=-4.23,-13.48 → NONE
ring centre=<Vector (0.1309, -0.0934, 26.7742)>
  ray0: from=14.45,4.23 → NONE
  ray1: from=13.50,4.67 → NONE
  ray2: from=13.47,-4.52 → NONE
=== Check Mesh ===
2_Reactor Housing_seg01: 229 faces, 36 non-manifold edges, 29 thin faces — NEEDS SOLIDIFY
2_Reactor Housing_seg02: 230 faces, 36 non-manifold edges, 29 thin faces — NEEDS SOLIDIFY
2_Reactor Housing_seg03: 194 faces, 34 non-manifold edges, 26 thin faces — NEEDS SOLIDIFY
2_Reactor Housing_seg04: 225 faces, 36 non-manifold edges, 29 thin faces — NEEDS SOLIDIFY
2_Reactor Housing_seg05: 232 faces, 38 non-manifold edges, 31 thin faces — NEEDS SOLIDIFY
2_Reactor Housing_seg06: 230 faces, 36 non-manifold edges, 29 thin faces — NEEDS SOLIDIFY
2_Reactor Housing_seg07: 262 faces, 40 non-manifold edges, 34 thin faces — NEEDS SOLIDIFY
2_Reactor Housing_seg08: 229 faces, 36 non-manifold edges, 29 thin faces — NEEDS SOLIDIFY
=== Check Mesh ===
2_Reactor Housing_seg01: 229 faces, 36 non-manifold edges, 29 thin faces — NEEDS SOLIDIFY
2_Reactor Housing_seg02: 230 faces, 36 non-manifold edges, 29 thin faces — NEEDS SOLIDIFY
2_Reactor Housing_seg03: 194 faces, 34 non-manifold edges, 26 thin faces — NEEDS SOLIDIFY
2_Reactor Housing_seg04: 225 faces, 36 non-manifold edges, 29 thin faces — NEEDS SOLIDIFY
2_Reactor Housing_seg05: 232 faces, 38 non-manifold edges, 31 thin faces — NEEDS SOLIDIFY
2_Reactor Housing_seg06: 230 faces, 36 non-manifold edges, 29 thin faces — NEEDS SOLIDIFY
2_Reactor Housing_seg07: 262 faces, 40 non-manifold edges, 34 thin faces — NEEDS SOLIDIFY
2_Reactor Housing_seg08: 229 faces, 36 non-manifold edges, 29 thin faces — NEEDS SOLIDIFY
=== Check Mesh ===
2_Reactor Housing_seg01: 229 faces, 36 non-manifold edges, 29 thin faces — NEEDS SOLIDIFY
2_Reactor Housing_seg02: 230 faces, 36 non-manifold edges, 29 thin faces — NEEDS SOLIDIFY
2_Reactor Housing_seg03: 194 faces, 34 non-manifold edges, 26 thin faces — NEEDS SOLIDIFY
2_Reactor Housing_seg04: 225 faces, 36 non-manifold edges, 29 thin faces — NEEDS SOLIDIFY
2_Reactor Housing_seg05: 232 faces, 38 non-manifold edges, 31 thin faces — NEEDS SOLIDIFY
2_Reactor Housing_seg06: 230 faces, 36 non-manifold edges, 29 thin faces — NEEDS SOLIDIFY
2_Reactor Housing_seg07: 262 faces, 40 non-manifold edges, 34 thin faces — NEEDS SOLIDIFY
2_Reactor Housing_seg08: 229 faces, 36 non-manifold edges, 29 thin faces — NEEDS SOLIDIFY
=== Check Mesh ===
2_Reactor Housing_seg02: 230 faces, 36 non-manifold edges, 29 thin faces — NEEDS SOLIDIFY
=== Check Mesh ===
2_Reactor Housing_seg01: 229 faces, 36 non-manifold edges, 29 thin faces — NEEDS SOLIDIFY
2_Reactor Housing_seg02: 230 faces, 36 non-manifold edges, 29 thin faces — NEEDS SOLIDIFY
2_Reactor Housing_seg03: 194 faces, 34 non-manifold edges, 26 thin faces — NEEDS SOLIDIFY
2_Reactor Housing_seg04: 225 faces, 36 non-manifold edges, 29 thin faces — NEEDS SOLIDIFY
2_Reactor Housing_seg05: 232 faces, 38 non-manifold edges, 31 thin faces — NEEDS SOLIDIFY
2_Reactor Housing_seg06: 230 faces, 36 non-manifold edges, 29 thin faces — NEEDS SOLIDIFY
2_Reactor Housing_seg07: 262 faces, 40 non-manifold edges, 34 thin faces — NEEDS SOLIDIFY
2_Reactor Housing_seg08: 229 faces, 36 non-manifold edges, 29 thin faces — NEEDS SOLIDIFY
=== Check Mesh ===
2_Reactor Housing_seg01: 229 faces, 29 thin faces — NEEDS SOLIDIFY (36 open edges)
2_Reactor Housing_seg02: 230 faces, 29 thin faces — NEEDS SOLIDIFY (36 open edges)
2_Reactor Housing_seg03: 194 faces, 26 thin faces — NEEDS SOLIDIFY (34 open edges)
2_Reactor Housing_seg04: 225 faces, 29 thin faces — NEEDS SOLIDIFY (36 open edges)
2_Reactor Housing_seg05: 232 faces, 31 thin faces — NEEDS SOLIDIFY (38 open edges)
2_Reactor Housing_seg06: 230 faces, 29 thin faces — NEEDS SOLIDIFY (36 open edges)
2_Reactor Housing_seg07: 262 faces, 34 thin faces — NEEDS SOLIDIFY (40 open edges)
2_Reactor Housing_seg08: 229 faces, 29 thin faces — NEEDS SOLIDIFY (36 open edges)
=== Check Mesh ===
2_Reactor Housing_seg01: 229 faces, 29 thin faces — NEEDS SOLIDIFY (36 open edges)
2_Reactor Housing_seg02: 230 faces, 29 thin faces — NEEDS SOLIDIFY (36 open edges)
2_Reactor Housing_seg03: 194 faces, 26 thin faces — NEEDS SOLIDIFY (34 open edges)
2_Reactor Housing_seg04: 225 faces, 29 thin faces — NEEDS SOLIDIFY (36 open edges)
2_Reactor Housing_seg05: 232 faces, 31 thin faces — NEEDS SOLIDIFY (38 open edges)
2_Reactor Housing_seg06: 230 faces, 29 thin faces — NEEDS SOLIDIFY (36 open edges)
2_Reactor Housing_seg07: 262 faces, 34 thin faces — NEEDS SOLIDIFY (40 open edges)
2_Reactor Housing_seg08: 229 faces, 29 thin faces — NEEDS SOLIDIFY (36 open edges)
=== Check Mesh ===
2_Reactor Housing_seg01: 229 faces, 29 thin faces — NEEDS SOLIDIFY (36 open edges)
2_Reactor Housing_seg02: 230 faces, 29 thin faces — NEEDS SOLIDIFY (36 open edges)
2_Reactor Housing_seg03: 194 faces, 26 thin faces — NEEDS SOLIDIFY (34 open edges)
2_Reactor Housing_seg04: 225 faces, 29 thin faces — NEEDS SOLIDIFY (36 open edges)
2_Reactor Housing_seg05: 232 faces, 31 thin faces — NEEDS SOLIDIFY (38 open edges)
2_Reactor Housing_seg06: 230 faces, 29 thin faces — NEEDS SOLIDIFY (36 open edges)
2_Reactor Housing_seg07: 262 faces, 34 thin faces — NEEDS SOLIDIFY (40 open edges)
2_Reactor Housing_seg08: 229 faces, 29 thin faces — NEEDS SOLIDIFY (36 open edges)
=== Check Mesh ===
2_Reactor Housing_seg01: 229 faces, 29 thin faces — NEEDS SOLIDIFY (36 open edges)
2_Reactor Housing_seg02: 230 faces, 29 thin faces — NEEDS SOLIDIFY (36 open edges)
2_Reactor Housing_seg03: 194 faces, 26 thin faces — NEEDS SOLIDIFY (34 open edges)
2_Reactor Housing_seg04: 225 faces, 29 thin faces — NEEDS SOLIDIFY (36 open edges)
2_Reactor Housing_seg05: 232 faces, 31 thin faces — NEEDS SOLIDIFY (38 open edges)
2_Reactor Housing_seg06: 230 faces, 29 thin faces — NEEDS SOLIDIFY (36 open edges)
2_Reactor Housing_seg07: 262 faces, 34 thin faces — NEEDS SOLIDIFY (40 open edges)
2_Reactor Housing_seg08: 229 faces, 29 thin faces — NEEDS SOLIDIFY (36 open edges)
=== Check Mesh ===
2_Reactor Housing_seg01: 494 faces, 0 thin faces — NEEDS SOLIDIFY (flat shell (vol/area=0.0099))
2_Reactor Housing_seg02: 496 faces, 0 thin faces — NEEDS SOLIDIFY (flat shell (vol/area=0.0099))
2_Reactor Housing_seg03: 422 faces, 0 thin faces — NEEDS SOLIDIFY (flat shell (vol/area=0.0099))
2_Reactor Housing_seg04: 486 faces, 0 thin faces — NEEDS SOLIDIFY (flat shell (vol/area=0.0099))
2_Reactor Housing_seg05: 502 faces, 0 thin faces — NEEDS SOLIDIFY (flat shell (vol/area=0.0099))
2_Reactor Housing_seg06: 496 faces, 0 thin faces — NEEDS SOLIDIFY (flat shell (vol/area=0.0100))
2_Reactor Housing_seg07: 564 faces, 0 thin faces — NEEDS SOLIDIFY (flat shell (vol/area=0.0099))
2_Reactor Housing_seg08: 494 faces, 0 thin faces — NEEDS SOLIDIFY (flat shell (vol/area=0.0099))
ring centre=<Vector (0.1309, -0.0934, 26.7742)>
  ray0: from=-6.89,-13.37 → face232 at 0.02
  ray1: from=-5.91,-13.02 → face233 at 0.02
  ray2: from=-12.38,-6.49 → face234 at 0.02
=== Check Mesh ===
2_Reactor Housing_seg01: 472 faces, 58 thin faces — NEEDS SOLIDIFY (64 open edges)
2_Reactor Housing_seg02: 470 faces, 58 thin faces — NEEDS SOLIDIFY (64 open edges)
2_Reactor Housing_seg03: 392 faces, 56 thin faces — NEEDS SOLIDIFY (64 open edges)
2_Reactor Housing_seg04: 456 faces, 58 thin faces — NEEDS SOLIDIFY (64 open edges)
2_Reactor Housing_seg05: 478 faces, 58 thin faces — NEEDS SOLIDIFY (64 open edges)
2_Reactor Housing_seg06: 471 faces, 58 thin faces — NEEDS SOLIDIFY (64 open edges)
2_Reactor Housing_seg07: 534 faces, 60 thin faces — NEEDS SOLIDIFY (64 open edges)
2_Reactor Housing_seg08: 473 faces, 58 thin faces — NEEDS SOLIDIFY (64 open edges)
ring centre=<Vector (0.1309, -0.0934, 26.7742)>
  ray0: from=-6.89,-13.37 → face195 at 0.51
  ray1: from=-5.91,-13.02 → face258 at 0.52
  ray2: from=-12.38,-6.49 → face197 at 0.50
=== Check Mesh ===
2_Reactor Housing_4: 1510 faces, 36 thin faces — NEEDS SOLIDIFY (36 open edges)
=== Check Mesh ===
2_Reactor Housing_seg01.001: 494 faces, 0 thin faces — OK
=== Check Mesh ===
2_Reactor Housing_seg01: 474 faces, 0 thin faces — OK
=== Check Mesh ===
2_Reactor Housing: 3056 faces, 0 thin faces — OK
=== Check Mesh ===
2_Reactor Housing.001: 1510 faces, 36 thin faces — NEEDS SOLIDIFY (36 open edges)
=== Check Mesh ===
2_Reactor Housing: 1510 faces, 36 thin faces — NEEDS SOLIDIFY (36 open edges)
=== Check Mesh ===
2_Reactor Housing_seg01: 230 faces, 0 thin faces — OK
=== Check Mesh ===
2_Reactor Housing_seg01: 230 faces, 0 thin faces — OK
axis_idx=2 dims=[26.501121520996094, 26.501121520996094, 0.6394166946411133] scale=[0.753590915820575, 0.753590915820575, 1.875798217630881] t=3.26505854185815 overshoot=0.28000000074505815
dup.location=<Vector (-0.0067, -0.0108, 41.9422)> dup.scale=<Vector (1.0000, 1.0000, 1.0000)> world_center=<Vector (-0.7495, -0.1549, 29.3387)>
dup bbox min/max: [-13.993402481079102, -13.394631385803223, -12.923187255859375] / [12.507719039916992, 13.106490135192871, -12.283770561218262]
after scale: dup.location=<Vector (-0.1897, -0.0463, 52.9803)> dup.scale=<Vector (1.0000, 1.0000, 1.0000)>
after scale dup bbox: [-10.54530143737793, -10.094073295593262, -24.241291046142578] / [9.425704002380371, 9.876932144165039, -23.0418758392334]
axis_idx=2 dims=[26.501121520996094, 26.501121520996094, 0.6394166946411133] scale=[0.7954513809368541, 0.7954513809368541, 1.5004561253592592] t=2.710383905372185 overshoot=0.16000000074505807
dup.location=<Vector (-0.0067, -0.0108, 41.9422)> local_center=<Vector (-0.7428, -0.1441, -12.6035)>
dup bbox min/max: [-13.993402481079102, -13.394631385803223, -12.923187255859375] / [12.507719039916992, 13.106490135192871, -12.283770561218262]
after scale: dup.location=<Vector (-0.7495, -0.1549, 29.3387)> dup.scale=<Vector (1.0000, 1.0000, 1.0000)>
after scale dup bbox: [-10.540177345275879, -10.540177345275879, -0.47970905900001526] / [10.540177345275879, 10.540177345275879, 0.47970762848854065]
axis_idx=2 dims=[26.501121520996094, 26.501121520996094, 0.6394166946411133] scale=[0.6783971173709625, 0.6783971173709625, 1.8132412022522773] t=4.261418537027383 overshoot=0.26000000074505814
dup.location=<Vector (-0.0067, -0.0108, 41.9422)> local_center=<Vector (-0.7428, -0.1441, -12.6035)>
dup bbox min/max: [-13.993402481079102, -13.394631385803223, -12.923187255859375] / [12.507719039916992, 13.106490135192871, -12.283770561218262]
after scale: dup.location=<Vector (-0.7495, -0.1549, 29.3387)> dup.scale=<Vector (1.0000, 1.0000, 1.0000)>
after scale dup bbox: [-8.989142417907715, -8.989142417907715, -0.5797092318534851] / [8.989142417907715, 8.989142417907715, 0.5797075033187866]
axis_idx=2 dims=[26.501121520996094, 26.501121520996094, 0.6394166946411133] scale=[0.7706451793864664, 0.7706451793864664, 3.252052555960161] t=3.039079986252757 overshoot=0.7200000007450585
dup.location=<Vector (-0.0067, -0.0108, 41.9422)> local_center=<Vector (-0.7428, -0.1441, -12.6035)>
dup bbox min/max: [-13.993402481079102, -13.394631385803223, -12.923187255859375] / [12.507719039916992, 13.106490135192871, -12.283770561218262]
after scale: dup.location=<Vector (-0.7495, -0.1549, 29.3387)> dup.scale=<Vector (1.0000, 1.0000, 1.0000)>
after scale dup bbox: [-10.211481094360352, -10.211481094360352, -1.0397099256515503] / [10.211481094360352, 10.211481094360352, 1.039706826210022]
axis_idx=2 dims=[26.501121520996094, 26.501121520996094, 0.6394166946411133] scale=[0.809226857077226, 0.809226857077226, 1.4378991099806555] t=2.527851121769395 overshoot=0.14000000074505806
dup.location=<Vector (-0.0067, -0.0108, 41.9422)> local_center=<Vector (-0.7428, -0.1441, -12.6035)>
dup bbox min/max: [-13.993402481079102, -13.394631385803223, -12.923187255859375] / [12.507719039916992, 13.106490135192871, -12.283770561218262]
after scale: dup.location=<Vector (-0.7495, -0.1549, 29.3387)> dup.scale=<Vector (1.0000, 1.0000, 1.0000)>
after scale dup bbox: [-10.722709655761719, -10.722709655761719, -0.4597090482711792] / [10.722709655761719, 10.722709655761719, 0.45970767736434937]
cap faces to delete: 79
axis_idx=2 dims=[26.501121520996094, 26.501121520996094, 0.6394166946411133] scale=[0.7791723111694122, 0.7791723111694122, 1.6255701561164664] t=2.9260907084500603 overshoot=0.2000000007450581
dup.location=<Vector (-0.0067, -0.0108, 41.9422)> local_center=<Vector (-0.7428, -0.1441, -12.6035)>
dup bbox min/max: [-13.993402481079102, -13.394631385803223, -12.923187255859375] / [12.507719039916992, 13.106490135192871, -12.283770561218262]
after scale: dup.location=<Vector (-0.7495, -0.1549, 29.3387)> dup.scale=<Vector (1.0000, 1.0000, 1.0000)>
after scale dup bbox: [-10.324469566345215, -10.324469566345215, -0.5197091102600098] / [10.324469566345215, 10.324469566345215, 0.5197075605392456]
removing 62 cap faces from cutter
axis_idx=2 dims=[26.501121520996094, 26.501121520996094, 0.6394166946411133] scale=[0.7497149468283268, 0.7497149468283268, 2.751596432931332] t=3.3164173044957397 overshoot=0.5600000007450584
dup.location=<Vector (-0.0067, -0.0108, 41.9422)> local_center=<Vector (-0.7428, -0.1441, -12.6035)>
dup bbox min/max: [-13.993402481079102, -13.394631385803223, -12.923187255859375] / [12.507719039916992, 13.106490135192871, -12.283770561218262]
after scale: dup.location=<Vector (-0.7495, -0.1549, 29.3387)> dup.scale=<Vector (1.0000, 1.0000, 1.0000)>
after scale dup bbox: [-9.934144020080566, -9.934144020080566, -0.8797096610069275] / [9.934144020080566, 9.934144020080566, 0.8797070384025574]
removing 62 cap faces from cutter
axis_idx=2 dims=[26.501121520996094, 26.501121520996094, 0.6394166946411133] scale=[0.7303351018670866, 0.7303351018670866, 2.063469263766692] t=3.573211117683686 overshoot=0.3400000007450582
dup.location=<Vector (-0.0067, -0.0108, 41.9422)> local_center=<Vector (-0.7428, -0.1441, -12.6035)>
dup bbox min/max: [-13.993402481079102, -13.394631385803223, -12.923187255859375] / [12.507719039916992, 13.106490135192871, -12.283770561218262]
after scale: dup.location=<Vector (-0.7495, -0.1549, 29.3387)> dup.scale=<Vector (1.0000, 1.0000, 1.0000)>
after scale dup bbox: [-9.677350044250488, -9.677350044250488, -0.6597092747688293] / [9.677350044250488, 9.677350044250488, 0.6597073078155518]
removing 62 cap faces from cutter
axis_idx=2 dims=[26.501121520996094, 26.501121520996094, 1.790365219116211] scale=[0.6900250243477066, 0.6900250243477066, 1.6590834031464305] t=4.107342249114615 overshoot=0.5900000007450584
dup.location=<Vector (0.0000, 0.0000, 0.0000)> local_center=<Vector (-0.1970, -0.7532, 31.8954)>
dup bbox min/max: [-13.447571754455566, -14.003793716430664, 31.000192642211914] / [13.053549766540527, 12.49732780456543, 32.790557861328125]
after scale: dup.location=<Vector (-0.1970, -0.7532, 31.8954)> dup.scale=<Vector (1.0000, 1.0000, 1.0000)>
after scale dup bbox: [-9.143218994140625, -9.143218994140625, -1.4851841926574707] / [9.143218994140625, 9.143218994140625, 1.4851809740066528]
removing 62 cap faces from cutter
=== Check Mesh ===
Fore_Section_2: 896 faces, 0 thin faces — OK
=== Check Mesh ===
Fore_Section_2: 896 faces, 0 thin faces — OK
=== Check Mesh ===
Fore_Section_2: 448 faces, 0 thin faces — OK
=== Check Mesh ===
Fore_Section_2: 174 faces, 94 thin faces — NEEDS SOLIDIFY (100 open edges)
=== Check Mesh ===
Fore_Section_2: 174 faces, 94 thin faces — NEEDS SOLIDIFY (100 open edges)
=== Check Mesh ===
Fore_Section_2: 448 faces, 0 thin faces — OK
UCX_Fore_Section_2_0: 36 faces, 0 thin faces — OK
UCX_Fore_Section_2_1: 26 faces, 0 thin faces — OK
UCX_Fore_Section_2_2: 40 faces, 0 thin faces — OK
UCX_Fore_Section_2_3: 38 faces, 0 thin faces — OK
UCX_Fore_Section_2_4: 32 faces, 0 thin faces — OK
UCX_Fore_Section_2_5: 58 faces, 0 thin faces — OK
UCX_Fore_Section_2_6: 46 faces, 0 thin faces — OK
UCX_Fore_Section_2_7: 42 faces, 0 thin faces — OK
UCX_Fore_Section_2_8: 40 faces, 0 thin faces — OK
UCX_Fore_Section_2_9: 34 faces, 0 thin faces — OK
UCX_Fore_Section_2_10: 36 faces, 0 thin faces — OK
UCX_Fore_Section_2_11: 18 faces, 0 thin faces — OK
UCX_Fore_Section_2_12: 34 faces, 0 thin faces — OK
UCX_Fore_Section_2_13: 34 faces, 0 thin faces — OK
UCX_Fore_Section_2_14: 16 faces, 0 thin faces — OK
UCX_Fore_Section_2_15: 34 faces, 0 thin faces — OK
UCX_Fore_Section_2_16: 30 faces, 0 thin faces — OK
UCX_Fore_Section_2_17: 34 faces, 0 thin faces — OK
UCX_Fore_Section_2_18: 26 faces, 0 thin faces — OK
UCX_Fore_Section_2_19: 40 faces, 0 thin faces — OK
UCX_Fore_Section_2_20: 24 faces, 0 thin faces — NEEDS SOLIDIFY (flat shell (vol/area=0.0099))
UCX_Fore_Section_2_21: 24 faces, 0 thin faces — OK
UCX_Fore_Section_2_22: 22 faces, 0 thin faces — OK
UCX_Fore_Section_2_23: 26 faces, 0 thin faces — OK
UCX_Fore_Section_2_24: 38 faces, 0 thin faces — OK
UCX_Fore_Section_2_25: 36 faces, 0 thin faces — OK
UCX_Fore_Section_2_26: 22 faces, 0 thin faces — OK
UCX_Fore_Section_2_27: 34 faces, 0 thin faces — OK
UCX_Fore_Section_2_28: 34 faces, 0 thin faces — OK
UCX_Fore_Section_2_29: 28 faces, 0 thin faces — OK
UCX_Fore_Section_2_30: 32 faces, 0 thin faces — OK
UCX_Fore_Section_2_31: 26 faces, 0 thin faces — OK
UCX_Fore_Section_2_32: 34 faces, 0 thin faces — OK
UCX_Fore_Section_2_33: 38 faces, 0 thin faces — OK
UCX_Fore_Section_2_34: 26 faces, 0 thin faces — OK
=== Check Mesh ===
UCX_Fore_Section_2_20: 24 faces, 0 thin faces — NEEDS SOLIDIFY (flat shell (vol/area=0.0099))
Fore_Section_2_UCX_Fore_Section_2_0 vs UCX_Fore_Section_2_0: total_faces=60 cap_faces=50 fraction=0.83 skipped=True
Fore_Section_2_UCX_Fore_Section_2_1 vs UCX_Fore_Section_2_1: total_faces=47 cap_faces=39 fraction=0.83 skipped=True
Fore_Section_2_UCX_Fore_Section_2_2 vs UCX_Fore_Section_2_2: total_faces=83 cap_faces=65 fraction=0.78 skipped=True
Fore_Section_2_UCX_Fore_Section_2_3 vs UCX_Fore_Section_2_3: total_faces=83 cap_faces=62 fraction=0.75 skipped=True
Fore_Section_2_UCX_Fore_Section_2_4 vs UCX_Fore_Section_2_4: total_faces=72 cap_faces=39 fraction=0.54 skipped=True
Fore_Section_2_UCX_Fore_Section_2_5 vs UCX_Fore_Section_2_5: total_faces=145 cap_faces=79 fraction=0.54 skipped=True
Fore_Section_2_UCX_Fore_Section_2_6 vs UCX_Fore_Section_2_6: total_faces=117 cap_faces=63 fraction=0.54 skipped=True
Fore_Section_2_UCX_Fore_Section_2_7 vs UCX_Fore_Section_2_7: total_faces=72 cap_faces=46 fraction=0.64 skipped=True
Fore_Section_2_UCX_Fore_Section_2_8 vs UCX_Fore_Section_2_8: total_faces=62 cap_faces=40 fraction=0.65 skipped=True
Fore_Section_2_UCX_Fore_Section_2_9 vs UCX_Fore_Section_2_9: total_faces=58 cap_faces=46 fraction=0.79 skipped=True
Fore_Section_2_UCX_Fore_Section_2_10 vs UCX_Fore_Section_2_10: total_faces=76 cap_faces=55 fraction=0.72 skipped=True
Fore_Section_2_UCX_Fore_Section_2_11 vs UCX_Fore_Section_2_11: total_faces=0 cap_faces=0 fraction=0.00 skipped=False
Fore_Section_2_UCX_Fore_Section_2_12 vs UCX_Fore_Section_2_12: total_faces=69 cap_faces=69 fraction=1.00 skipped=True
Fore_Section_2_UCX_Fore_Section_2_13 vs UCX_Fore_Section_2_13: total_faces=46 cap_faces=33 fraction=0.72 skipped=True
Fore_Section_2_UCX_Fore_Section_2_14 vs UCX_Fore_Section_2_14: total_faces=18 cap_faces=18 fraction=1.00 skipped=True
Fore_Section_2_UCX_Fore_Section_2_15 vs UCX_Fore_Section_2_15: total_faces=52 cap_faces=40 fraction=0.77 skipped=True
Fore_Section_2_UCX_Fore_Section_2_16 vs UCX_Fore_Section_2_16: total_faces=55 cap_faces=37 fraction=0.67 skipped=True
Fore_Section_2_UCX_Fore_Section_2_17 vs UCX_Fore_Section_2_17: total_faces=57 cap_faces=45 fraction=0.79 skipped=True
Fore_Section_2_UCX_Fore_Section_2_18 vs UCX_Fore_Section_2_18: total_faces=34 cap_faces=34 fraction=1.00 skipped=True
Fore_Section_2_UCX_Fore_Section_2_19 vs UCX_Fore_Section_2_19: total_faces=105 cap_faces=51 fraction=0.49 skipped=False
Fore_Section_2_UCX_Fore_Section_2_20 vs UCX_Fore_Section_2_20: total_faces=21 cap_faces=21 fraction=1.00 skipped=True
Fore_Section_2_UCX_Fore_Section_2_21 vs UCX_Fore_Section_2_21: total_faces=28 cap_faces=28 fraction=1.00 skipped=True
Fore_Section_2_UCX_Fore_Section_2_22 vs UCX_Fore_Section_2_22: total_faces=26 cap_faces=26 fraction=1.00 skipped=True
Fore_Section_2_UCX_Fore_Section_2_23 vs UCX_Fore_Section_2_23: total_faces=40 cap_faces=34 fraction=0.85 skipped=True
Fore_Section_2_UCX_Fore_Section_2_24 vs UCX_Fore_Section_2_24: total_faces=77 cap_faces=62 fraction=0.81 skipped=True
Fore_Section_2_UCX_Fore_Section_2_25 vs UCX_Fore_Section_2_25: total_faces=82 cap_faces=54 fraction=0.66 skipped=True
Fore_Section_2_UCX_Fore_Section_2_26 vs UCX_Fore_Section_2_26: total_faces=29 cap_faces=25 fraction=0.86 skipped=True
Fore_Section_2_UCX_Fore_Section_2_27 vs UCX_Fore_Section_2_27: total_faces=55 cap_faces=43 fraction=0.78 skipped=True
Fore_Section_2_UCX_Fore_Section_2_28 vs UCX_Fore_Section_2_28: total_faces=52 cap_faces=52 fraction=1.00 skipped=True
Fore_Section_2_UCX_Fore_Section_2_29 vs UCX_Fore_Section_2_29: total_faces=40 cap_faces=40 fraction=1.00 skipped=True
Fore_Section_2_UCX_Fore_Section_2_30 vs UCX_Fore_Section_2_30: total_faces=48 cap_faces=39 fraction=0.81 skipped=True
Fore_Section_2_UCX_Fore_Section_2_31 vs UCX_Fore_Section_2_31: total_faces=39 cap_faces=39 fraction=1.00 skipped=True
Fore_Section_2_UCX_Fore_Section_2_32 vs UCX_Fore_Section_2_32: total_faces=46 cap_faces=34 fraction=0.74 skipped=True
Fore_Section_2_UCX_Fore_Section_2_33 vs UCX_Fore_Section_2_33: total_faces=84 cap_faces=58 fraction=0.69 skipped=True
Fore_Section_2_UCX_Fore_Section_2_34 vs UCX_Fore_Section_2_34: total_faces=41 cap_faces=34 fraction=0.83 skipped=True
Fore_Section_2_UCX_Fore_Section_2_0 vs UCX_Fore_Section_2_0: total_faces=60 zero_uv_faces=47 fraction=0.78
Fore_Section_2_UCX_Fore_Section_2_1 vs UCX_Fore_Section_2_1: total_faces=47 zero_uv_faces=31 fraction=0.66
Fore_Section_2_UCX_Fore_Section_2_2 vs UCX_Fore_Section_2_2: total_faces=83 zero_uv_faces=59 fraction=0.71
Fore_Section_2_UCX_Fore_Section_2_3 vs UCX_Fore_Section_2_3: total_faces=83 zero_uv_faces=53 fraction=0.64
Fore_Section_2_UCX_Fore_Section_2_4 vs UCX_Fore_Section_2_4: total_faces=72 zero_uv_faces=44 fraction=0.61
Fore_Section_2_UCX_Fore_Section_2_5 vs UCX_Fore_Section_2_5: total_faces=145 zero_uv_faces=75 fraction=0.52
Fore_Section_2_UCX_Fore_Section_2_6 vs UCX_Fore_Section_2_6: total_faces=117 zero_uv_faces=71 fraction=0.61
Fore_Section_2_UCX_Fore_Section_2_7 vs UCX_Fore_Section_2_7: total_faces=72 zero_uv_faces=54 fraction=0.75
Fore_Section_2_UCX_Fore_Section_2_8 vs UCX_Fore_Section_2_8: total_faces=62 zero_uv_faces=44 fraction=0.71
Fore_Section_2_UCX_Fore_Section_2_9 vs UCX_Fore_Section_2_9: total_faces=58 zero_uv_faces=40 fraction=0.69
Fore_Section_2_UCX_Fore_Section_2_10 vs UCX_Fore_Section_2_10: total_faces=76 zero_uv_faces=50 fraction=0.66
Fore_Section_2_UCX_Fore_Section_2_11 vs UCX_Fore_Section_2_11: total_faces=0 zero_uv_faces=0 fraction=0.00
Fore_Section_2_UCX_Fore_Section_2_12 vs UCX_Fore_Section_2_12: total_faces=69 zero_uv_faces=48 fraction=0.70
Fore_Section_2_UCX_Fore_Section_2_13 vs UCX_Fore_Section_2_13: total_faces=46 zero_uv_faces=33 fraction=0.72
Fore_Section_2_UCX_Fore_Section_2_14 vs UCX_Fore_Section_2_14: total_faces=18 zero_uv_faces=14 fraction=0.78
Fore_Section_2_UCX_Fore_Section_2_15 vs UCX_Fore_Section_2_15: total_faces=52 zero_uv_faces=35 fraction=0.67
Fore_Section_2_UCX_Fore_Section_2_16 vs UCX_Fore_Section_2_16: total_faces=55 zero_uv_faces=40 fraction=0.73
Fore_Section_2_UCX_Fore_Section_2_17 vs UCX_Fore_Section_2_17: total_faces=57 zero_uv_faces=45 fraction=0.79
Fore_Section_2_UCX_Fore_Section_2_18 vs UCX_Fore_Section_2_18: total_faces=34 zero_uv_faces=28 fraction=0.82
Fore_Section_2_UCX_Fore_Section_2_19 vs UCX_Fore_Section_2_19: total_faces=105 zero_uv_faces=63 fraction=0.60
Fore_Section_2_UCX_Fore_Section_2_20 vs UCX_Fore_Section_2_20: total_faces=21 zero_uv_faces=17 fraction=0.81
Fore_Section_2_UCX_Fore_Section_2_21 vs UCX_Fore_Section_2_21: total_faces=28 zero_uv_faces=22 fraction=0.79
Fore_Section_2_UCX_Fore_Section_2_22 vs UCX_Fore_Section_2_22: total_faces=26 zero_uv_faces=20 fraction=0.77
Fore_Section_2_UCX_Fore_Section_2_23 vs UCX_Fore_Section_2_23: total_faces=40 zero_uv_faces=32 fraction=0.80
Fore_Section_2_UCX_Fore_Section_2_24 vs UCX_Fore_Section_2_24: total_faces=77 zero_uv_faces=54 fraction=0.70
Fore_Section_2_UCX_Fore_Section_2_25 vs UCX_Fore_Section_2_25: total_faces=82 zero_uv_faces=62 fraction=0.76
Fore_Section_2_UCX_Fore_Section_2_26 vs UCX_Fore_Section_2_26: total_faces=29 zero_uv_faces=23 fraction=0.79
Fore_Section_2_UCX_Fore_Section_2_27 vs UCX_Fore_Section_2_27: total_faces=55 zero_uv_faces=39 fraction=0.71
Fore_Section_2_UCX_Fore_Section_2_28 vs UCX_Fore_Section_2_28: total_faces=52 zero_uv_faces=42 fraction=0.81
Fore_Section_2_UCX_Fore_Section_2_29 vs UCX_Fore_Section_2_29: total_faces=40 zero_uv_faces=32 fraction=0.80
Fore_Section_2_UCX_Fore_Section_2_30 vs UCX_Fore_Section_2_30: total_faces=48 zero_uv_faces=38 fraction=0.79
Fore_Section_2_UCX_Fore_Section_2_31 vs UCX_Fore_Section_2_31: total_faces=39 zero_uv_faces=29 fraction=0.74
Fore_Section_2_UCX_Fore_Section_2_32 vs UCX_Fore_Section_2_32: total_faces=46 zero_uv_faces=38 fraction=0.83
Fore_Section_2_UCX_Fore_Section_2_33 vs UCX_Fore_Section_2_33: total_faces=84 zero_uv_faces=52 fraction=0.62
Fore_Section_2_UCX_Fore_Section_2_34 vs UCX_Fore_Section_2_34: total_faces=41 zero_uv_faces=33 fraction=0.80
=== Check Mesh ===
Fore_Section.221: 14 faces, 12 thin faces — NEEDS SOLIDIFY (12 open edges)
Fore_Section.222: 14 faces, 12 thin faces — NEEDS SOLIDIFY (12 open edges)
Fore_Section.223: 14 faces, 12 thin faces — NEEDS SOLIDIFY (12 open edges)
Fore_Section.224: 14 faces, 12 thin faces — NEEDS SOLIDIFY (12 open edges)
Fore_Section.225: 14 faces, 12 thin faces — NEEDS SOLIDIFY (12 open edges)
Fore_Section.249: 14 faces, 12 thin faces — NEEDS SOLIDIFY (12 open edges)
Fore_Section.250: 14 faces, 12 thin faces — NEEDS SOLIDIFY (12 open edges)
Fore_Section.259: 14 faces, 12 thin faces — NEEDS SOLIDIFY (12 open edges)
=== Check Mesh ===
Fore_Section.228_1: 7 faces, 6 thin faces — NEEDS SOLIDIFY (6 open edges)
=== Check Mesh ===
Fore_Section.213_2: 60 faces, 0 thin faces — NEEDS SOLIDIFY (flat shell (vol/area=0.0099))
Fore_Section.213_1: 60 faces, 0 thin faces — NEEDS SOLIDIFY (flat shell (vol/area=0.0099))
Fore_Section.219_2: 20 faces, 0 thin faces — NEEDS SOLIDIFY (flat shell (vol/area=0.0099))
Fore_Section.219_1: 20 faces, 0 thin faces — NEEDS SOLIDIFY (flat shell (vol/area=0.0099))
Fore_Section.228_2: 20 faces, 0 thin faces — NEEDS SOLIDIFY (flat shell (vol/area=0.0099))
Fore_Section.228_1: 20 faces, 0 thin faces — NEEDS SOLIDIFY (flat shell (vol/area=0.0099))
Fore_Section.245_2: 60 faces, 0 thin faces — NEEDS SOLIDIFY (flat shell (vol/area=0.0099))
Fore_Section.245_1: 60 faces, 0 thin faces — NEEDS SOLIDIFY (flat shell (vol/area=0.0099))
=== Check Mesh ===
Fore_Section.213_2: 60 faces, 0 thin faces — NEEDS SOLIDIFY (flat shell (vol/area=0.0099))
Fore_Section.213_1: 60 faces, 0 thin faces — NEEDS SOLIDIFY (flat shell (vol/area=0.0099))
Fore_Section.219_2: 20 faces, 0 thin faces — NEEDS SOLIDIFY (flat shell (vol/area=0.0099))
Fore_Section.219_1: 20 faces, 0 thin faces — NEEDS SOLIDIFY (flat shell (vol/area=0.0099))
Fore_Section.228_2: 20 faces, 0 thin faces — NEEDS SOLIDIFY (flat shell (vol/area=0.0099))
Fore_Section.228_1: 20 faces, 0 thin faces — NEEDS SOLIDIFY (flat shell (vol/area=0.0099))
Fore_Section.245_2: 60 faces, 0 thin faces — NEEDS SOLIDIFY (flat shell (vol/area=0.0099))
Fore_Section.245_1: 60 faces, 0 thin faces — NEEDS SOLIDIFY (flat shell (vol/area=0.0099))
